usage: mongodb_exporter [<flags>]

exports various MongoDB metrics in Prometheus format.

Flags:
  -h, --help                   Show context-sensitive help (also try --help-long
                               and --help-man).
      --web.auth-file=WEB.AUTH-FILE  
                               Path to YAML file with server_user,
                               server_password keys for HTTP Basic
                               authentication (overrides HTTP_AUTH environment
                               variable).
      --web.ssl-cert-file=WEB.SSL-CERT-FILE  
                               Path to SSL certificate file.
      --web.ssl-key-file=WEB.SSL-KEY-FILE  
                               Path to SSL key file.
      --web.listen-address=":9216"  
                               Address to listen on for web interface and
                               telemetry.
      --web.telemetry-path="/metrics"  
                               Path under which to expose metrics.
      --collect.database       Enable collection of Database metrics
      --collect.collection     Enable collection of Collection metrics
      --collect.topmetrics     Enable collection of table top metrics
      --collect.indexusage     Enable collection of per index usage stats
      --collect.connpoolstats  Collect MongoDB connpoolstats
      --suppress.collectshardingstatus  
                               Suppress the collection of Sharding Status
      --mongodb.uri=[mongodb://][user:pass@]host1[:port1][,host2[:port2],...][/database][?options]  
                               MongoDB URI, format
      --test                   Check MongoDB connection, print buildInfo()
                               information and exit.
      --version                Show application version.
      --log.level="info"       Only log messages with the given severity or
                               above. Valid levels: [debug, info, warn, error,
                               fatal]
      --log.format="logger:stderr"  
                               Set the log target and format. Example:
                               "logger:syslog?appname=bob&local=7" or
                               "logger:stdout?json=true"

